// Jest Snapshot v1, https://goo.gl/fbAQLP

exports[`renders Navbar correctly 1`] = `
<footer
  className="Footerstyled__FooterSty-sc-173ctjc-0 gtVjN"
>
  <div
    className="ant-row"
    style={Object {}}
  >
    <div
      className="ant-col ant-col-12"
      style={Object {}}
    >
      <div
        className="ant-row"
        style={Object {}}
      >
        <div
          className="ant-col ant-col-24"
          style={Object {}}
        >
          <h1
            className="Footerstyled__LogoSty-sc-173ctjc-1 jnpAVR"
          >
            I can help
          </h1>
        </div>
        <div
          className="ant-col ant-col-24"
          style={Object {}}
        >
          <p
            className="Footerstyled__FooterParaSty-sc-173ctjc-2 gXzgwz"
          >
            Copyright Â© 2021 ICH team.
          </p>
          <p
            className="Footerstyled__FooterParaSty-sc-173ctjc-2 gXzgwz"
          >
            All rights reserved.
          </p>
        </div>
        <div
          className="ant-col ant-col-24"
          style={Object {}}
        >
          <div
            className="Footerstyled__SMWrapperSty-sc-173ctjc-3 jNzXfw"
          >
            <div
              className="Footerstyled__SMIconSty-sc-173ctjc-4 hjMYdK"
            >
              <svg
                aria-hidden="true"
                className="svg-inline--fa fa-facebook fa-w-16 "
                data-icon="facebook"
                data-prefix="fab"
                focusable="false"
                role="img"
                style={Object {}}
                viewBox="0 0 512 512"
                xmlns="http://www.w3.org/2000/svg"
              >
                <path
                  d="M504 256C504 119 393 8 256 8S8 119 8 256c0 123.78 90.69 226.38 209.25 245V327.69h-63V256h63v-54.64c0-62.15 37-96.48 93.67-96.48 27.14 0 55.52 4.84 55.52 4.84v61h-31.28c-30.8 0-40.41 19.12-40.41 38.73V256h68.78l-11 71.69h-57.78V501C413.31 482.38 504 379.78 504 256z"
                  fill="currentColor"
                  style={Object {}}
                />
              </svg>
            </div>
            <div
              className="Footerstyled__SMIconSty-sc-173ctjc-4 hjMYdK"
            >
              <svg
                aria-hidden="true"
                className="svg-inline--fa fa-github fa-w-16 "
                data-icon="github"
                data-prefix="fab"
                focusable="false"
                role="img"
                style={Object {}}
                viewBox="0 0 496 512"
                xmlns="http://www.w3.org/2000/svg"
              >
                <path
                  d="M165.9 397.4c0 2-2.3 3.6-5.2 3.6-3.3.3-5.6-1.3-5.6-3.6 0-2 2.3-3.6 5.2-3.6 3-.3 5.6 1.3 5.6 3.6zm-31.1-4.5c-.7 2 1.3 4.3 4.3 4.9 2.6 1 5.6 0 6.2-2s-1.3-4.3-4.3-5.2c-2.6-.7-5.5.3-6.2 2.3zm44.2-1.7c-2.9.7-4.9 2.6-4.6 4.9.3 2 2.9 3.3 5.9 2.6 2.9-.7 4.9-2.6 4.6-4.6-.3-1.9-3-3.2-5.9-2.9zM244.8 8C106.1 8 0 113.3 0 252c0 110.9 69.8 205.8 169.5 239.2 12.8 2.3 17.3-5.6 17.3-12.1 0-6.2-.3-40.4-.3-61.4 0 0-70 15-84.7-29.8 0 0-11.4-29.1-27.8-36.6 0 0-22.9-15.7 1.6-15.4 0 0 24.9 2 38.6 25.8 21.9 38.6 58.6 27.5 72.9 20.9 2.3-16 8.8-27.1 16-33.7-55.9-6.2-112.3-14.3-112.3-110.5 0-27.5 7.6-41.3 23.6-58.9-2.6-6.5-11.1-33.3 2.6-67.9 20.9-6.5 69 27 69 27 20-5.6 41.5-8.5 62.8-8.5s42.8 2.9 62.8 8.5c0 0 48.1-33.6 69-27 13.7 34.7 5.2 61.4 2.6 67.9 16 17.7 25.8 31.5 25.8 58.9 0 96.5-58.9 104.2-114.8 110.5 9.2 7.9 17 22.9 17 46.4 0 33.7-.3 75.4-.3 83.6 0 6.5 4.6 14.4 17.3 12.1C428.2 457.8 496 362.9 496 252 496 113.3 383.5 8 244.8 8zM97.2 352.9c-1.3 1-1 3.3.7 5.2 1.6 1.6 3.9 2.3 5.2 1 1.3-1 1-3.3-.7-5.2-1.6-1.6-3.9-2.3-5.2-1zm-10.8-8.1c-.7 1.3.3 2.9 2.3 3.9 1.6 1 3.6.7 4.3-.7.7-1.3-.3-2.9-2.3-3.9-2-.6-3.6-.3-4.3.7zm32.4 35.6c-1.6 1.3-1 4.3 1.3 6.2 2.3 2.3 5.2 2.6 6.5 1 1.3-1.3.7-4.3-1.3-6.2-2.2-2.3-5.2-2.6-6.5-1zm-11.4-14.7c-1.6 1-1.6 3.6 0 5.9 1.6 2.3 4.3 3.3 5.6 2.3 1.6-1.3 1.6-3.9 0-6.2-1.4-2.3-4-3.3-5.6-2z"
                  fill="currentColor"
                  style={Object {}}
                />
              </svg>
            </div>
            <div
              className="Footerstyled__SMIconSty-sc-173ctjc-4 hjMYdK"
            >
              <svg
                aria-hidden="true"
                className="svg-inline--fa fa-youtube fa-w-18 "
                data-icon="youtube"
                data-prefix="fab"
                focusable="false"
                role="img"
                style={Object {}}
                viewBox="0 0 576 512"
                xmlns="http://www.w3.org/2000/svg"
              >
                <path
                  d="M549.655 124.083c-6.281-23.65-24.787-42.276-48.284-48.597C458.781 64 288 64 288 64S117.22 64 74.629 75.486c-23.497 6.322-42.003 24.947-48.284 48.597-11.412 42.867-11.412 132.305-11.412 132.305s0 89.438 11.412 132.305c6.281 23.65 24.787 41.5 48.284 47.821C117.22 448 288 448 288 448s170.78 0 213.371-11.486c23.497-6.321 42.003-24.171 48.284-47.821 11.412-42.867 11.412-132.305 11.412-132.305s0-89.438-11.412-132.305zm-317.51 213.508V175.185l142.739 81.205-142.739 81.201z"
                  fill="currentColor"
                  style={Object {}}
                />
              </svg>
            </div>
          </div>
        </div>
      </div>
    </div>
    <div
      className="ant-col ant-col-12"
      style={Object {}}
    >
      <div
        className="ant-row"
        style={Object {}}
      >
        <div
          className="ant-col ant-col-7"
          style={Object {}}
        >
          <h2
            className="Footerstyled__FooterH2Sty-sc-173ctjc-5 kLpNjn"
          >
            Company
          </h2>
          <ul
            className="Footerstyled__Ul-sc-173ctjc-6 jIhMnL"
          >
            <li
              className="Footerstyled__Li-sc-173ctjc-7 fFpeQc"
            >
              About us
            </li>
            <li
              className="Footerstyled__Li-sc-173ctjc-7 fFpeQc"
            >
              Blog
            </li>
            <li
              className="Footerstyled__Li-sc-173ctjc-7 fFpeQc"
            >
              Contact us
            </li>
            <li
              className="Footerstyled__Li-sc-173ctjc-7 fFpeQc"
            >
              Testimonials
            </li>
          </ul>
        </div>
        <div
          className="ant-col ant-col-7"
          style={Object {}}
        >
          <h2
            className="Footerstyled__FooterH2Sty-sc-173ctjc-5 kLpNjn"
          >
            Support
          </h2>
          <ul
            className="Footerstyled__Ul-sc-173ctjc-6 jIhMnL"
          >
            <li
              className="Footerstyled__Li-sc-173ctjc-7 fFpeQc"
            >
              Help center
            </li>
            <li
              className="Footerstyled__Li-sc-173ctjc-7 fFpeQc"
            >
              Terms of service
            </li>
            <li
              className="Footerstyled__Li-sc-173ctjc-7 fFpeQc"
            >
              Legal
            </li>
            <li
              className="Footerstyled__Li-sc-173ctjc-7 fFpeQc"
            >
              Privacy prolicy
            </li>
          </ul>
        </div>
        <div
          className="ant-col ant-col-10"
          style={Object {}}
        >
          <h2
            className="Footerstyled__FooterH2Sty-sc-173ctjc-5 kLpNjn"
          >
            Contact Us
          </h2>
          <form
            action=""
          >
            <div
              className="Footerstyled__InputDivSty-sc-173ctjc-8 ilYTIy"
            >
              <input
                className="Footerstyled__InputSty-sc-173ctjc-9 OfVHp"
                placeholder="Enter your email"
              />
              <button
                className="Footerstyled__InputIconSty-sc-173ctjc-10 gGtrdC"
              >
                <svg
                  aria-hidden="true"
                  className="svg-inline--fa fa-paper-plane fa-w-16 "
                  data-icon="paper-plane"
                  data-prefix="far"
                  focusable="false"
                  role="img"
                  style={Object {}}
                  viewBox="0 0 512 512"
                  xmlns="http://www.w3.org/2000/svg"
                >
                  <path
                    d="M440 6.5L24 246.4c-34.4 19.9-31.1 70.8 5.7 85.9L144 379.6V464c0 46.4 59.2 65.5 86.6 28.6l43.8-59.1 111.9 46.2c5.9 2.4 12.1 3.6 18.3 3.6 8.2 0 16.3-2.1 23.6-6.2 12.8-7.2 21.6-20 23.9-34.5l59.4-387.2c6.1-40.1-36.9-68.8-71.5-48.9zM192 464v-64.6l36.6 15.1L192 464zm212.6-28.7l-153.8-63.5L391 169.5c10.7-15.5-9.5-33.5-23.7-21.2L155.8 332.6 48 288 464 48l-59.4 387.3z"
                    fill="currentColor"
                    style={Object {}}
                  />
                </svg>
              </button>
            </div>
          </form>
        </div>
      </div>
    </div>
  </div>
</footer>
`;
