// Jest Snapshot v1, https://goo.gl/fbAQLP

exports[`renders Navbar correctly 1`] = `
<div>
  This is an example of a component
</div>
`;
